// Jest Snapshot v1, https://goo.gl/fbAQLP

exports[`Routes should match snapshot 1`] = `
<div>
  dashboard
</div>
`;
